MAX 6 1999
MIN 5 -23423
LIMIT 0 35 100
POWER 8 1 0
GROUPMATCH 3 2
SUMARRAY 3 6
SUMCARRAY 4 4
STRCOUNT 1 3
SUBSTRINGU 무
REPLACE 223223
GETBIT 1 0
STRJOIN 1,2,3,4,5 2|3|4
FINDELEMENT 0 FINDLASTELEMENT 4
FINDELEMENT tw bug 1
TOUPPER ABC TOLOWER abc TOHALF ABC TOFULL ＡＢＣ
ISNUMERIC 1
ENCODETOUNI
3495051
0000
51
GETCONFIG 19 D2Coding
EXISTCSV 0 1
VARSIZE 1000 1000
