ARG`0` ARGS`` ARG:1`0`
ARG`0` ARGS`` ARG:1`1`
ARG`2` ARGS`123` ARG:1`1`
