TARGET = 3 NAME:TARGET = TEST
TARGET = 1 NAME:TARGET = TEST
